ReproProof QA Demo Execution Log
===============================
Repository: uploads/qa_demo
Expected metric: accuracy=94.2
Tolerance: 0.5

[1] Repository Upload
PASS: Demo repository contains README.md, requirements.txt, main.py, dataset.csv.

[2] Observation
PASS: RepositoryInspector found 4 files and 1 Python file.
PASS: ProjectDetector classified the repository as Python Project.
PASS: ObservationOrchestrator health_score=85 and execution_ready=true.
NOTE: Warning: No recognized source folder was found.

[3] Planning
PASS: ExecutionPlanner selected Python Script and main.py.
PASS: Commands: python -m venv .venv; pip install -r requirements.txt; python main.py.

[4] Sandbox Execution
PASS: Commands ran in a temporary isolated copy.
PASS: Windows planner commands resolved through the py launcher.
EXPECTED FAILURE: main.py raised ModuleNotFoundError for qa_missing_dependency.
Exit code: 1
Timed out: false
Execution time: 9.45948849999695 seconds

[5] Error Analysis
PASS: Category=ModuleNotFoundError.
PASS: Confidence=98.

[6] Repair Planning
PASS: Repair type=INSTALL_DEPENDENCY.
PASS: Suggested command=pip install qa_missing_dependency.
PASS: Human review required=true; no repair was applied.

[7] Verification
PASS: Verdict=UNAVAILABLE because execution failed before emitting accuracy.

Overall QA result: PASS. Intentional recoverable failure was detected and classified correctly.
